[    1220ms] [LOG] %c prev state color: #9E9E9E; font-weight: bold {themeAction: Object, userAction: Object, pretestAction: Object, chatAction: Object, deviceAction: Object} @ http://localhost:3000/static/js/bundle.js:252273
[    1221ms] [LOG] %c action     color: #03A9F4; font-weight: bold {type: persist/PERSIST, register: , rehydrate: } @ http://localhost:3000/static/js/bundle.js:252277
[    1221ms] [LOG] %c next state color: #4CAF50; font-weight: bold {themeAction: Object, userAction: Object, pretestAction: Object, chatAction: Object, deviceAction: Object} @ http://localhost:3000/static/js/bundle.js:252285
[    1321ms] [LOG] %c prev state color: #9E9E9E; font-weight: bold {themeAction: Object, userAction: Object, pretestAction: Object, chatAction: Object, deviceAction: Object} @ http://localhost:3000/static/js/bundle.js:252273
[    1321ms] [LOG] %c action     color: #03A9F4; font-weight: bold {type: persist/REHYDRATE, payload: undefined, err: undefined, key: root} @ http://localhost:3000/static/js/bundle.js:252277
[    1321ms] [LOG] %c next state color: #4CAF50; font-weight: bold {themeAction: Object, userAction: Object, pretestAction: Object, chatAction: Object, deviceAction: Object} @ http://localhost:3000/static/js/bundle.js:252285
[    1377ms] [LOG] %c prev state color: #9E9E9E; font-weight: bold {themeAction: Object, userAction: Object, pretestAction: Object, chatAction: Object, deviceAction: Object} @ http://localhost:3000/static/js/bundle.js:252273
[    1378ms] [LOG] %c action     color: #03A9F4; font-weight: bold {type: persist/PURGE, result: } @ http://localhost:3000/static/js/bundle.js:252277
[    1378ms] [LOG] %c next state color: #4CAF50; font-weight: bold {themeAction: Object, userAction: Object, pretestAction: Object, chatAction: Object, deviceAction: Object} @ http://localhost:3000/static/js/bundle.js:252285
[    1378ms] [LOG] %c prev state color: #9E9E9E; font-weight: bold {themeAction: Object, userAction: Object, pretestAction: Object, chatAction: Object, deviceAction: Object} @ http://localhost:3000/static/js/bundle.js:252273
[    1378ms] [LOG] %c action     color: #03A9F4; font-weight: bold {type: SET_THEME_REQUEST, data: ACG} @ http://localhost:3000/static/js/bundle.js:252277
[    1378ms] [LOG] %c next state color: #4CAF50; font-weight: bold {themeAction: Object, userAction: Object, pretestAction: Object, chatAction: Object, deviceAction: Object} @ http://localhost:3000/static/js/bundle.js:252285
[    1501ms] [LOG] %c prev state color: #9E9E9E; font-weight: bold {themeAction: Object, userAction: Object, pretestAction: Object, chatAction: Object, deviceAction: Object} @ http://localhost:3000/static/js/bundle.js:252273
[    1501ms] [LOG] %c action     color: #03A9F4; font-weight: bold {type: SET_THEME_SUCCESS, data: Object, @@redux-saga/SAGA_ACTION: true} @ http://localhost:3000/static/js/bundle.js:252277
[    1503ms] [LOG] %c next state color: #4CAF50; font-weight: bold {themeAction: Object, userAction: Object, pretestAction: Object, chatAction: Object, deviceAction: Object} @ http://localhost:3000/static/js/bundle.js:252285
[   12013ms] [LOG] %c prev state color: #9E9E9E; font-weight: bold {themeAction: Object, userAction: Object, pretestAction: Object, chatAction: Object, deviceAction: Object} @ http://localhost:3000/static/js/bundle.js:252273
[   12013ms] [LOG] %c action     color: #03A9F4; font-weight: bold {type: persist/PERSIST, register: , rehydrate: } @ http://localhost:3000/static/js/bundle.js:252277
[   12013ms] [LOG] %c next state color: #4CAF50; font-weight: bold {themeAction: Object, userAction: Object, pretestAction: Object, chatAction: Object, deviceAction: Object} @ http://localhost:3000/static/js/bundle.js:252285
[   12115ms] [LOG] %c prev state color: #9E9E9E; font-weight: bold {themeAction: Object, userAction: Object, pretestAction: Object, chatAction: Object, deviceAction: Object} @ http://localhost:3000/static/js/bundle.js:252273
[   12115ms] [LOG] %c action     color: #03A9F4; font-weight: bold {type: persist/REHYDRATE, payload: Object, err: undefined, key: root} @ http://localhost:3000/static/js/bundle.js:252277
[   12115ms] [LOG] %c next state color: #4CAF50; font-weight: bold {themeAction: Object, userAction: Object, pretestAction: Object, chatAction: Object, deviceAction: Object} @ http://localhost:3000/static/js/bundle.js:252285
[   12227ms] [LOG] %c prev state color: #9E9E9E; font-weight: bold {themeAction: Object, userAction: Object, pretestAction: Object, chatAction: Object, deviceAction: Object} @ http://localhost:3000/static/js/bundle.js:252273
[   12227ms] [LOG] %c action     color: #03A9F4; font-weight: bold {type: persist/PURGE, result: } @ http://localhost:3000/static/js/bundle.js:252277
[   12227ms] [LOG] %c next state color: #4CAF50; font-weight: bold {themeAction: Object, userAction: Object, pretestAction: Object, chatAction: Object, deviceAction: Object} @ http://localhost:3000/static/js/bundle.js:252285
[   12227ms] [LOG] %c prev state color: #9E9E9E; font-weight: bold {themeAction: Object, userAction: Object, pretestAction: Object, chatAction: Object, deviceAction: Object} @ http://localhost:3000/static/js/bundle.js:252273
[   12227ms] [LOG] %c action     color: #03A9F4; font-weight: bold {type: SET_THEME_REQUEST, data: LPT} @ http://localhost:3000/static/js/bundle.js:252277
[   12227ms] [LOG] %c next state color: #4CAF50; font-weight: bold {themeAction: Object, userAction: Object, pretestAction: Object, chatAction: Object, deviceAction: Object} @ http://localhost:3000/static/js/bundle.js:252285
[   12399ms] [LOG] %c prev state color: #9E9E9E; font-weight: bold {themeAction: Object, userAction: Object, pretestAction: Object, chatAction: Object, deviceAction: Object} @ http://localhost:3000/static/js/bundle.js:252273
[   12399ms] [LOG] %c action     color: #03A9F4; font-weight: bold {type: SET_THEME_SUCCESS, data: Object, @@redux-saga/SAGA_ACTION: true} @ http://localhost:3000/static/js/bundle.js:252277
[   12399ms] [LOG] %c next state color: #4CAF50; font-weight: bold {themeAction: Object, userAction: Object, pretestAction: Object, chatAction: Object, deviceAction: Object} @ http://localhost:3000/static/js/bundle.js:252285
[   14899ms] [LOG] %c prev state color: #9E9E9E; font-weight: bold {themeAction: Object, userAction: Object, pretestAction: Object, chatAction: Object, deviceAction: Object} @ http://localhost:3000/static/js/bundle.js:252273
[   14899ms] [LOG] %c action     color: #03A9F4; font-weight: bold {type: USER_COMPANY_CODE, data: LPT} @ http://localhost:3000/static/js/bundle.js:252277
[   14899ms] [LOG] %c next state color: #4CAF50; font-weight: bold {themeAction: Object, userAction: Object, pretestAction: Object, chatAction: Object, deviceAction: Object} @ http://localhost:3000/static/js/bundle.js:252285
[   15406ms] [LOG] %c prev state color: #9E9E9E; font-weight: bold {themeAction: Object, userAction: Object, pretestAction: Object, chatAction: Object, deviceAction: Object} @ http://localhost:3000/static/js/bundle.js:252273
[   15406ms] [LOG] %c action     color: #03A9F4; font-weight: bold {type: USER_COMPLETER_REQUEST, data: true} @ http://localhost:3000/static/js/bundle.js:252277
[   15406ms] [LOG] %c next state color: #4CAF50; font-weight: bold {themeAction: Object, userAction: Object, pretestAction: Object, chatAction: Object, deviceAction: Object} @ http://localhost:3000/static/js/bundle.js:252285
[   15409ms] [LOG] %c prev state color: #9E9E9E; font-weight: bold {themeAction: Object, userAction: Object, pretestAction: Object, chatAction: Object, deviceAction: Object} @ http://localhost:3000/static/js/bundle.js:252273
[   15409ms] [LOG] %c action     color: #03A9F4; font-weight: bold {type: USER_DATA_REQUEST, data: Object} @ http://localhost:3000/static/js/bundle.js:252277
[   15409ms] [LOG] %c next state color: #4CAF50; font-weight: bold {themeAction: Object, userAction: Object, pretestAction: Object, chatAction: Object, deviceAction: Object} @ http://localhost:3000/static/js/bundle.js:252285
[   15409ms] [LOG] [LoginPage] 로그인 1단계 - 세트/검사 정보 수신: {examType: M, isPracticeOrExam: exam, roomUseYN: N, testerIdx: 38771, raw: Object} @ http://localhost:3000/static/js/bundle.js:31982
[   15436ms] [LOG] IndexedDB 초기화 완료 @ http://localhost:3000/static/js/bundle.js:25863
[   22967ms] [LOG] %c prev state color: #9E9E9E; font-weight: bold {themeAction: Object, userAction: Object, pretestAction: Object, chatAction: Object, deviceAction: Object} @ http://localhost:3000/static/js/bundle.js:252273
[   22967ms] [LOG] %c action     color: #03A9F4; font-weight: bold {type: TIMING_NOW_BEFORE_EXAM} @ http://localhost:3000/static/js/bundle.js:252277
[   22967ms] [LOG] %c next state color: #4CAF50; font-weight: bold {themeAction: Object, userAction: Object, pretestAction: Object, chatAction: Object, deviceAction: Object} @ http://localhost:3000/static/js/bundle.js:252285
[   22995ms] [LOG] %c prev state color: #9E9E9E; font-weight: bold {themeAction: Object, userAction: Object, pretestAction: Object, chatAction: Object, deviceAction: Object} @ http://localhost:3000/static/js/bundle.js:252273
[   22995ms] [LOG] %c action     color: #03A9F4; font-weight: bold {type: EXAM_USER_DATA, data: Object} @ http://localhost:3000/static/js/bundle.js:252277
[   22995ms] [LOG] %c next state color: #4CAF50; font-weight: bold {themeAction: Object, userAction: Object, pretestAction: Object, chatAction: Object, deviceAction: Object} @ http://localhost:3000/static/js/bundle.js:252285
[   23027ms] [LOG] %c prev state color: #9E9E9E; font-weight: bold {themeAction: Object, userAction: Object, pretestAction: Object, chatAction: Object, deviceAction: Object} @ http://localhost:3000/static/js/bundle.js:252273
[   23028ms] [LOG] %c action     color: #03A9F4; font-weight: bold {type: TIME_STOP, data: true} @ http://localhost:3000/static/js/bundle.js:252277
[   23028ms] [LOG] %c next state color: #4CAF50; font-weight: bold {themeAction: Object, userAction: Object, pretestAction: Object, chatAction: Object, deviceAction: Object} @ http://localhost:3000/static/js/bundle.js:252285
[   23036ms] [LOG] %c prev state color: #9E9E9E; font-weight: bold {themeAction: Object, userAction: Object, pretestAction: Object, chatAction: Object, deviceAction: Object} @ http://localhost:3000/static/js/bundle.js:252273
[   23036ms] [LOG] %c action     color: #03A9F4; font-weight: bold {type: TIME_STOP, data: true} @ http://localhost:3000/static/js/bundle.js:252277
[   23036ms] [LOG] %c next state color: #4CAF50; font-weight: bold {themeAction: Object, userAction: Object, pretestAction: Object, chatAction: Object, deviceAction: Object} @ http://localhost:3000/static/js/bundle.js:252285
[   24807ms] [LOG] %c prev state color: #9E9E9E; font-weight: bold {themeAction: Object, userAction: Object, pretestAction: Object, chatAction: Object, deviceAction: Object} @ http://localhost:3000/static/js/bundle.js:252273
[   24808ms] [LOG] %c action     color: #03A9F4; font-weight: bold {type: SET_DEVICE_VIDEO, data: } @ http://localhost:3000/static/js/bundle.js:252277
[   24808ms] [LOG] %c next state color: #4CAF50; font-weight: bold {themeAction: Object, userAction: Object, pretestAction: Object, chatAction: Object, deviceAction: Object} @ http://localhost:3000/static/js/bundle.js:252285
[   24812ms] [LOG] %c prev state color: #9E9E9E; font-weight: bold {themeAction: Object, userAction: Object, pretestAction: Object, chatAction: Object, deviceAction: Object} @ http://localhost:3000/static/js/bundle.js:252273
[   24812ms] [LOG] %c action     color: #03A9F4; font-weight: bold {type: SET_DEVICE_VIDEO_LABEL, data: } @ http://localhost:3000/static/js/bundle.js:252277
[   24812ms] [LOG] %c next state color: #4CAF50; font-weight: bold {themeAction: Object, userAction: Object, pretestAction: Object, chatAction: Object, deviceAction: Object} @ http://localhost:3000/static/js/bundle.js:252285
[   24816ms] [LOG] %c prev state color: #9E9E9E; font-weight: bold {themeAction: Object, userAction: Object, pretestAction: Object, chatAction: Object, deviceAction: Object} @ http://localhost:3000/static/js/bundle.js:252273
[   24816ms] [LOG] %c action     color: #03A9F4; font-weight: bold {type: SET_DEVICE_AUDIO, data: } @ http://localhost:3000/static/js/bundle.js:252277
[   24816ms] [LOG] %c next state color: #4CAF50; font-weight: bold {themeAction: Object, userAction: Object, pretestAction: Object, chatAction: Object, deviceAction: Object} @ http://localhost:3000/static/js/bundle.js:252285
[   28052ms] [LOG] 활성 녹화가 없지만 저장된 청크 확인 중... @ http://localhost:3000/static/js/bundle.js:26262
[   29211ms] [WARNING] 복구할 스크린 청크가 없습니다 @ http://localhost:3000/static/js/bundle.js:26287
