[   12050ms] [LOG] %c prev state color: #9E9E9E; font-weight: bold {themeAction: Object, userAction: Object, pretestAction: Object, chatAction: Object, deviceAction: Object} @ http://localhost:3003/static/js/bundle.js:252273
[   12050ms] [LOG] %c action     color: #03A9F4; font-weight: bold {type: persist/PERSIST, register: , rehydrate: } @ http://localhost:3003/static/js/bundle.js:252277
[   12050ms] [LOG] %c next state color: #4CAF50; font-weight: bold {themeAction: Object, userAction: Object, pretestAction: Object, chatAction: Object, deviceAction: Object} @ http://localhost:3003/static/js/bundle.js:252285
[   12169ms] [LOG] %c prev state color: #9E9E9E; font-weight: bold {themeAction: Object, userAction: Object, pretestAction: Object, chatAction: Object, deviceAction: Object} @ http://localhost:3003/static/js/bundle.js:252273
[   12169ms] [LOG] %c action     color: #03A9F4; font-weight: bold {type: persist/REHYDRATE, payload: undefined, err: undefined, key: root} @ http://localhost:3003/static/js/bundle.js:252277
[   12169ms] [LOG] %c next state color: #4CAF50; font-weight: bold {themeAction: Object, userAction: Object, pretestAction: Object, chatAction: Object, deviceAction: Object} @ http://localhost:3003/static/js/bundle.js:252285
[   12234ms] [LOG] %c prev state color: #9E9E9E; font-weight: bold {themeAction: Object, userAction: Object, pretestAction: Object, chatAction: Object, deviceAction: Object} @ http://localhost:3003/static/js/bundle.js:252273
[   12234ms] [LOG] %c action     color: #03A9F4; font-weight: bold {type: persist/PURGE, result: } @ http://localhost:3003/static/js/bundle.js:252277
[   12234ms] [LOG] %c next state color: #4CAF50; font-weight: bold {themeAction: Object, userAction: Object, pretestAction: Object, chatAction: Object, deviceAction: Object} @ http://localhost:3003/static/js/bundle.js:252285
[   12235ms] [LOG] %c prev state color: #9E9E9E; font-weight: bold {themeAction: Object, userAction: Object, pretestAction: Object, chatAction: Object, deviceAction: Object} @ http://localhost:3003/static/js/bundle.js:252273
[   12235ms] [LOG] %c action     color: #03A9F4; font-weight: bold {type: SET_THEME_REQUEST, data: ACG} @ http://localhost:3003/static/js/bundle.js:252277
[   12235ms] [LOG] %c next state color: #4CAF50; font-weight: bold {themeAction: Object, userAction: Object, pretestAction: Object, chatAction: Object, deviceAction: Object} @ http://localhost:3003/static/js/bundle.js:252285
[   12387ms] [LOG] %c prev state color: #9E9E9E; font-weight: bold {themeAction: Object, userAction: Object, pretestAction: Object, chatAction: Object, deviceAction: Object} @ http://localhost:3003/static/js/bundle.js:252273
[   12387ms] [LOG] %c action     color: #03A9F4; font-weight: bold {type: SET_THEME_SUCCESS, data: Object, @@redux-saga/SAGA_ACTION: true} @ http://localhost:3003/static/js/bundle.js:252277
[   12387ms] [LOG] %c next state color: #4CAF50; font-weight: bold {themeAction: Object, userAction: Object, pretestAction: Object, chatAction: Object, deviceAction: Object} @ http://localhost:3003/static/js/bundle.js:252285
[  210479ms] [ERROR] WebSocket connection to 'ws://localhost:3003/ws' failed: Error in connection establishment: net::ERR_CONNECTION_REFUSED @ http://localhost:3003/static/js/bundle.js:257646
[  212509ms] [ERROR] WebSocket connection to 'ws://localhost:3003/ws' failed: Error in connection establishment: net::ERR_CONNECTION_REFUSED @ http://localhost:3003/static/js/bundle.js:257646
[  216575ms] [ERROR] WebSocket connection to 'ws://localhost:3003/ws' failed: Error in connection establishment: net::ERR_CONNECTION_REFUSED @ http://localhost:3003/static/js/bundle.js:257646
[  224611ms] [ERROR] WebSocket connection to 'ws://localhost:3003/ws' failed: Error in connection establishment: net::ERR_CONNECTION_REFUSED @ http://localhost:3003/static/js/bundle.js:257646
[  240629ms] [ERROR] WebSocket connection to 'ws://localhost:3003/ws' failed: Error in connection establishment: net::ERR_CONNECTION_REFUSED @ http://localhost:3003/static/js/bundle.js:257646
[  272682ms] [ERROR] WebSocket connection to 'ws://localhost:3003/ws' failed: Error in connection establishment: net::ERR_CONNECTION_REFUSED @ http://localhost:3003/static/js/bundle.js:257646
[  336772ms] [ERROR] WebSocket connection to 'ws://localhost:3003/ws' failed: Error in connection establishment: net::ERR_CONNECTION_REFUSED @ http://localhost:3003/static/js/bundle.js:257646
[  464809ms] [ERROR] WebSocket connection to 'ws://localhost:3003/ws' failed: Error in connection establishment: net::ERR_CONNECTION_REFUSED @ http://localhost:3003/static/js/bundle.js:257646
[  720850ms] [ERROR] WebSocket connection to 'ws://localhost:3003/ws' failed: Error in connection establishment: net::ERR_CONNECTION_REFUSED @ http://localhost:3003/static/js/bundle.js:257646
[ 1232940ms] [ERROR] WebSocket connection to 'ws://localhost:3003/ws' failed: Error in connection establishment: net::ERR_CONNECTION_REFUSED @ http://localhost:3003/static/js/bundle.js:257646
